// Jest Snapshot v1, https://goo.gl/fbAQLP

exports[`components/Header should render correctly 1`] = `
<header
  className="p-4"
>
  <p
    className="text-center"
  >
    This is Gab, I am a
     
    <strong>
      39
    </strong>
     
    years old human.
    <br />
    I've been writing software since
     
    <strong>
      2001
    </strong>
    , professionally since
     
    <strong>
      2006
    </strong>
    .
    <br />
    I am a
     
    <a
      className="underline"
      href="https://www.4dayweek.com/"
      rel="noreferrer"
      target="_blank"
    >
      4 day week
    </a>
     
    ambassador since 2013.
  </p>
  <div
    className="py-8 text-center next-img-overflow-visible"
  >
    <span
      style={
        Object {
          "background": "none",
          "border": 0,
          "boxSizing": "border-box",
          "display": "inline-block",
          "height": "initial",
          "margin": 0,
          "maxWidth": "100%",
          "opacity": 1,
          "overflow": "hidden",
          "padding": 0,
          "position": "relative",
          "width": "initial",
        }
      }
    >
      <span
        style={
          Object {
            "background": "none",
            "border": 0,
            "boxSizing": "border-box",
            "display": "block",
            "height": "initial",
            "margin": 0,
            "maxWidth": "100%",
            "opacity": 1,
            "padding": 0,
            "width": "initial",
          }
        }
      >
        <img
          alt=""
          aria-hidden={true}
          src="data:image/svg+xml;base64,PHN2ZyB3aWR0aD0iMjU2IiBoZWlnaHQ9IjI1NiIgeG1sbnM9Imh0dHA6Ly93d3cudzMub3JnLzIwMDAvc3ZnIiB2ZXJzaW9uPSIxLjEiLz4="
          style={
            Object {
              "background": "none",
              "border": 0,
              "display": "block",
              "height": "initial",
              "margin": 0,
              "maxWidth": "100%",
              "opacity": 1,
              "padding": 0,
              "width": "initial",
            }
          }
        />
      </span>
      <img
        alt="Gab"
        className="rounded-full border border-gray-300 shadow-neutral-500 shadow-md"
        data-nimg="intrinsic"
        decoding="async"
        src="data:image/gif;base64,R0lGODlhAQABAIAAAAAAAP///yH5BAEAAAAALAAAAAABAAEAAAIBRAA7"
        style={
          Object {
            "border": "none",
            "bottom": 0,
            "boxSizing": "border-box",
            "display": "block",
            "height": 0,
            "left": 0,
            "margin": "auto",
            "maxHeight": "100%",
            "maxWidth": "100%",
            "minHeight": "100%",
            "minWidth": "100%",
            "objectFit": undefined,
            "objectPosition": undefined,
            "padding": 0,
            "position": "absolute",
            "right": 0,
            "top": 0,
            "width": 0,
          }
        }
      />
      <noscript>
        <img
          alt="Gab"
          className="rounded-full border border-gray-300 shadow-neutral-500 shadow-md"
          data-nimg="intrinsic"
          decoding="async"
          loading="lazy"
          src="test-file-stub"
          style={
            Object {
              "border": "none",
              "bottom": 0,
              "boxSizing": "border-box",
              "display": "block",
              "height": 0,
              "left": 0,
              "margin": "auto",
              "maxHeight": "100%",
              "maxWidth": "100%",
              "minHeight": "100%",
              "minWidth": "100%",
              "objectFit": undefined,
              "objectPosition": undefined,
              "padding": 0,
              "position": "absolute",
              "right": 0,
              "top": 0,
              "width": 0,
            }
          }
        />
      </noscript>
    </span>
  </div>
  <p
    className="text-center"
  >
    Here you can find my CV, feel free to contact me on
     
    <a
      className=" text-blue-600 underline"
      href="https://www.linkedin.com/in/gabriele-ferrari-a5095b52/"
      rel="noreferrer"
      target="_blank"
    >
      LinkedIn
    </a>
    .
  </p>
</header>
`;
